Analyzing chat...

  error - data\repositories\chat_repository_impl.dart:1:8 - Target of URI doesn't exist: 'package:dartz/dartz.dart'. Try creating the file referenced by the URI, or try using a URI for a file that does exist. - uri_does_not_exist
  error - data\repositories\chat_repository_impl.dart:18:10 - The name 'Either' isn't a type, so it can't be used as a type argument. Try correcting the name to an existing type, or defining a type named 'Either'. - non_type_as_type_argument
  error - data\repositories\chat_repository_impl.dart:21:14 - The method 'Right' isn't defined for the type 'ChatRepositoryImpl'. Try correcting the name to the name of an existing method, or defining a method named 'Right'. - undefined_method
  error - data\repositories\chat_repository_impl.dart:23:14 - The method 'Left' isn't defined for the type 'ChatRepositoryImpl'. Try correcting the name to the name of an existing method, or defining a method named 'Left'. - undefined_method
  error - data\repositories\chat_repository_impl.dart:28:10 - The name 'Either' isn't a type, so it can't be used as a type argument. Try correcting the name to an existing type, or defining a type named 'Either'. - non_type_as_type_argument
  error - data\repositories\chat_repository_impl.dart:43:14 - The method 'Right' isn't defined for the type 'ChatRepositoryImpl'. Try correcting the name to the name of an existing method, or defining a method named 'Right'. - undefined_method
  error - data\repositories\chat_repository_impl.dart:45:14 - The method 'Left' isn't defined for the type 'ChatRepositoryImpl'. Try correcting the name to the name of an existing method, or defining a method named 'Left'. - undefined_method
  error - data\repositories\chat_repository_impl.dart:50:10 - The name 'Either' isn't a type, so it can't be used as a type argument. Try correcting the name to an existing type, or defining a type named 'Either'. - non_type_as_type_argument
  error - data\repositories\chat_repository_impl.dart:53:20 - The name 'Right' isn't a class. Try correcting the name to match an existing class. - creation_with_non_type
  error - data\repositories\chat_repository_impl.dart:55:14 - The method 'Left' isn't defined for the type 'ChatRepositoryImpl'. Try correcting the name to the name of an existing method, or defining a method named 'Left'. - undefined_method
  error - domain\repositories\chat_repository.dart:1:8 - Target of URI doesn't exist: 'package:dartz/dartz.dart'. Try creating the file referenced by the URI, or try using a URI for a file that does exist. - uri_does_not_exist
  error - domain\repositories\chat_repository.dart:10:10 - The name 'Either' isn't a type, so it can't be used as a type argument. Try correcting the name to an existing type, or defining a type named 'Either'. - non_type_as_type_argument
  error - domain\repositories\chat_repository.dart:13:10 - The name 'Either' isn't a type, so it can't be used as a type argument. Try correcting the name to an existing type, or defining a type named 'Either'. - non_type_as_type_argument
  error - domain\repositories\chat_repository.dart:16:10 - The name 'Either' isn't a type, so it can't be used as a type argument. Try correcting the name to an existing type, or defining a type named 'Either'. - non_type_as_type_argument
   info - data\repositories\chat_repository_impl.dart:1:8 - The imported package 'dartz' isn't a dependency of the importing package. Try adding a dependency for 'dartz' in the 'pubspec.yaml' file. - depend_on_referenced_packages
   info - domain\repositories\chat_repository.dart:1:8 - The imported package 'dartz' isn't a dependency of the importing package. Try adding a dependency for 'dartz' in the 'pubspec.yaml' file. - depend_on_referenced_packages
   info - presentation\screens\chat_screen.dart:90:44 - 'withOpacity' is deprecated and shouldn't be used. Use .withValues() to avoid precision loss. Try replacing the use of the deprecated member with the replacement. - deprecated_member_use
   info - presentation\screens\chat_screen.dart:256:46 - 'withOpacity' is deprecated and shouldn't be used. Use .withValues() to avoid precision loss. Try replacing the use of the deprecated member with the replacement. - deprecated_member_use

18 issues found.
